Maxou@Maxou-PC MINGW64 /d/perso/maxou/openclassroom/04_php_mysql/tp_xx/ecrivain (master)
$ git commit -m "chapter OK, namespace KO, manager ko"
	[master 24b612b] chapter OK, namespace KO, manager ko
	 33 files changed, 19903 insertions(+), 75 deletions(-)
	 create mode 100644 baseDonnees/desktop.ini
	 create mode 100644 controler/desktop.ini
	 create mode 100644 desktop.ini
	 create mode 100644 materialize/LICENSE
	 create mode 100644 materialize/README.html
	 create mode 100644 materialize/css/desktop.ini
	 create mode 100644 materialize/css/materialize.css
	 create mode 100644 materialize/css/materialize.min.css
	 create mode 100644 materialize/desktop.ini
	 create mode 100644 materialize/fonts/desktop.ini
	 create mode 100644 materialize/fonts/roboto/Roboto-Bold.woff
	 create mode 100644 materialize/fonts/roboto/Roboto-Bold.woff2
	 create mode 100644 materialize/fonts/roboto/Roboto-Light.woff
	 create mode 100644 materialize/fonts/roboto/Roboto-Light.woff2
	 create mode 100644 materialize/fonts/roboto/Roboto-Medium.woff
	 create mode 100644 materialize/fonts/roboto/Roboto-Medium.woff2
	 create mode 100644 materialize/fonts/roboto/Roboto-Regular.woff
	 create mode 100644 materialize/fonts/roboto/Roboto-Regular.woff2
	 create mode 100644 materialize/fonts/roboto/Roboto-Thin.woff
	 create mode 100644 materialize/fonts/roboto/Roboto-Thin.woff2
	 create mode 100644 materialize/fonts/roboto/desktop.ini
	 create mode 100644 materialize/js/desktop.ini
	 create mode 100644 materialize/js/materialize.js
	 create mode 100644 materialize/js/materialize.min.js
	 create mode 100644 model/Chapters.php
	 rewrite model/ChaptersManager.php (97%)
	 create mode 100644 model/desktop.ini
	 create mode 100644 view/desktop.ini

Maxou@Maxou-PC MINGW64 /d/perso/maxou/openclassroom/04_php_mysql/tp_xx/ecrivain (master)
$ git push origin master
	Counting objects: 35, done.
	Delta compression using up to 2 threads.
	Compressing objects: 100% (35/35), done.
	Writing objects: 100% (35/35), 939.42 KiB | 8.95 MiB/s, done.
	Total 35 (delta 5), reused 0 (delta 0)
	remote: Resolving deltas: 100% (5/5), completed with 5 local objects.
	To https://github.com/maxou32/ecrivain.git
	   36f5b5f..24b612b  master -> master

Maxou@Maxou-PC MINGW64 /d/perso/maxou/openclassroom/04_php_mysql/tp_xx/ecrivain                                                                                                                 (master)
$ git checkout -b test_manager
	Switched to a new branch 'test_manager'

Maxou@Maxou-PC MINGW64 /d/perso/maxou/openclassroom/04_php_mysql/tp_xx/ecrivain                                                                                                                 (test_manager)
$  git add .

Maxou@Maxou-PC MINGW64 /d/perso/maxou/openclassroom/04_php_mysql/tp_xx/ecrivain                                                                                                                 (test_manager)
$ git commit -m "chapter OK, manager OK, namespace ko"
	[test_manager 9435841] chapter OK, manager OK, namespace ko
	 7 files changed, 77 insertions(+), 124 deletions(-)
	 create mode 100644 config.php
	 rewrite model/Manager.php (72%)

Maxou@Maxou-PC MINGW64 /d/perso/maxou/openclassroom/04_php_mysql/tp_xx/ecrivain                                                                                                                 (test_manager)
$ git checkout master
	error: unable to create file model/ChaptersManager.php: Permission denied
	Switched to branch 'master'
	D       model/ChaptersManager.php
	Your branch is up to date with 'origin/master'.

Maxou@Maxou-PC MINGW64 /d/perso/maxou/openclassroom/04_php_mysql/tp_xx/ecrivain (master)
$ git merge test_manager
	error: Your local changes to the following files would be overwritten by merge:
			model/ChaptersManager.php
	Please commit your changes or stash them before you merge.
	error: The following untracked working tree files would be overwritten by merge:
			config.php
	Please move or remove them before you merge.
	Aborting
	Updating 24b612b..9435841


Maxou@Maxou-PC MINGW64 /d/perso/maxou/openclassroom/04_php_mysql/tp_xx/ecrivain (master)
$ git push origin master
	Everything up-to-date

Maxou@Maxou-PC MINGW64 /d/perso/maxou/openclassroom/04_php_mysql/tp_xx/ecrivain (master)
$ git checkout test_manager
	error: Your local changes to the following files would be overwritten by checkout:
			controler/freeFrontEnd.php
			index.php
			model/Chapters.php
			model/ChaptersManager.php
			model/Manager.php
			view/listChaptersView.php
	Please commit your changes or stash them before you switch branches.
	error: The following untracked working tree files would be overwritten by checkout:
			config.php
	Please move or remove them before you switch branches.
	Aborting

Maxou@Maxou-PC MINGW64 /d/perso/maxou/openclassroom/04_php_mysql/tp_xx/ecrivain (master)
$ git commit -m "chapter ok, manager ok, namespace ko"
	model/ChaptersManager.php: Permission denied
	On branch master
	Your branch is up to date with 'origin/master'.

	Changes not staged for commit:
			modified:   controler/freeFrontEnd.php
			modified:   index.php
			modified:   model/Chapters.php
			modified:   model/Manager.php
			modified:   view/listChaptersView.php

	Untracked files:
			config.php
			controler/FreeFrontEnd (1).php

	no changes added to commit

Maxou@Maxou-PC MINGW64 /d/perso/maxou/openclassroom/04_php_mysql/tp_xx/ecrivain (master)
$  git add .
	error: open("model/ChaptersManager.php"): Permission denied
	error: unable to index file model/ChaptersManager.php
	fatal: updating files failed

Maxou@Maxou-PC MINGW64 /d/perso/maxou/openclassroom/04_php_mysql/tp_xx/ecrivain (master)
$ git checkout "test_manager"
	error: Your local changes to the following files would be overwritten by checkout:
			controler/freeFrontEnd.php
			index.php
			model/Chapters.php
			model/ChaptersManager.php
			model/Manager.php
			view/listChaptersView.php
	Please commit your changes or stash them before you switch branches.
	error: The following untracked working tree files would be overwritten by checkout:
			config.php
	Please move or remove them before you switch branches.
	Aborting

Maxou@Maxou-PC MINGW64 /d/perso/maxou/openclassroom/04_php_mysql/tp_xx/ecrivain (master)
$ git checkout test_manager
error: Your local changes to the following files would be overwritten by checkout:
        controler/freeFrontEnd.php
        index.php
        model/Chapters.php
        model/ChaptersManager.php
        model/Manager.php
        view/listChaptersView.php
Please commit your changes or stash them before you switch branches.
error: The following untracked working tree files would be overwritten by checkout:
        config.php
Please move or remove them before you switch branches.
Aborting

